Component: ARM Compiler 5.06 update 6 (build 750) Tool: armlink [4d35ed]

==============================================================================

Section Cross References

    main.o(.text) refers to delay.o(.text) for delay_init
    main.o(.text) refers to misc.o(.text) for NVIC_PriorityGroupConfig
    main.o(.text) refers to led.o(.text) for LED_Init
    main.o(.text) refers to usart3.o(.text) for usart3_init
    main.o(.text) refers to usart.o(.text) for uart_init
    main.o(.text) refers to lcd.o(.text) for LCD_Init
    main.o(.text) refers to mpu6050.o(.text) for MPU_Init
    main.o(.text) refers to key.o(.text) for KEY_Init
    main.o(.text) refers to dht11.o(.text) for DHT11_Init
    main.o(.text) refers to adc.o(.text) for Adc_Init
    main.o(.text) refers to inv_mpu.o(.text) for mpu_dmp_init
    main.o(.text) refers to gps.o(.text) for SkyTra_Cfg_Rate
    main.o(.text) refers to start_task.o(.text) for startTast
    main.o(.text) refers to tasks.o(.text) for vTaskStartScheduler
    main.o(.text) refers to usmart_config.o(.data) for usmart_dev
    main.o(.text) refers to main.o(.data) for key
    system_stm32f10x.o(.text) refers to system_stm32f10x.o(.data) for SystemCoreClock
    startup_stm32f10x_hd.o(STACK) refers (Special) to heapauxi.o(.text) for __use_two_region_memory
    startup_stm32f10x_hd.o(HEAP) refers (Special) to heapauxi.o(.text) for __use_two_region_memory
    startup_stm32f10x_hd.o(RESET) refers (Special) to heapauxi.o(.text) for __use_two_region_memory
    startup_stm32f10x_hd.o(RESET) refers to startup_stm32f10x_hd.o(STACK) for __initial_sp
    startup_stm32f10x_hd.o(RESET) refers to startup_stm32f10x_hd.o(.text) for Reset_Handler
    startup_stm32f10x_hd.o(RESET) refers to stm32f10x_it.o(.text) for NMI_Handler
    startup_stm32f10x_hd.o(RESET) refers to port.o(.emb_text) for SVC_Handler
    startup_stm32f10x_hd.o(RESET) refers to delay.o(.text) for SysTick_Handler
    startup_stm32f10x_hd.o(RESET) refers to exti.o(.text) for EXTI0_IRQHandler
    startup_stm32f10x_hd.o(RESET) refers to timer6.o(.text) for TIM3_IRQHandler
    startup_stm32f10x_hd.o(RESET) refers to usmart.o(.text) for TIM4_IRQHandler
    startup_stm32f10x_hd.o(RESET) refers to usart.o(.text) for USART1_IRQHandler
    startup_stm32f10x_hd.o(RESET) refers to usart3.o(.text) for USART3_IRQHandler
    startup_stm32f10x_hd.o(RESET) refers to timer7.o(.text) for TIM7_IRQHandler
    startup_stm32f10x_hd.o(.text) refers (Special) to heapauxi.o(.text) for __use_two_region_memory
    startup_stm32f10x_hd.o(.text) refers to system_stm32f10x.o(.text) for SystemInit
    startup_stm32f10x_hd.o(.text) refers to __main.o(!!!main) for __main
    startup_stm32f10x_hd.o(.text) refers to startup_stm32f10x_hd.o(HEAP) for Heap_Mem
    startup_stm32f10x_hd.o(.text) refers to startup_stm32f10x_hd.o(STACK) for Stack_Mem
    stm32f10x_adc.o(.text) refers to stm32f10x_rcc.o(.text) for RCC_APB2PeriphResetCmd
    stm32f10x_bkp.o(.text) refers to stm32f10x_rcc.o(.text) for RCC_BackupResetCmd
    stm32f10x_can.o(.text) refers to stm32f10x_rcc.o(.text) for RCC_APB1PeriphResetCmd
    stm32f10x_cec.o(.text) refers to stm32f10x_rcc.o(.text) for RCC_APB1PeriphResetCmd
    stm32f10x_dac.o(.text) refers to stm32f10x_rcc.o(.text) for RCC_APB1PeriphResetCmd
    stm32f10x_gpio.o(.text) refers to stm32f10x_rcc.o(.text) for RCC_APB2PeriphResetCmd
    stm32f10x_i2c.o(.text) refers to stm32f10x_rcc.o(.text) for RCC_APB1PeriphResetCmd
    stm32f10x_pwr.o(.text) refers to stm32f10x_rcc.o(.text) for RCC_APB1PeriphResetCmd
    stm32f10x_rcc.o(.text) refers to stm32f10x_rcc.o(.data) for APBAHBPrescTable
    stm32f10x_spi.o(.text) refers to stm32f10x_rcc.o(.text) for RCC_APB2PeriphResetCmd
    stm32f10x_tim.o(.text) refers to stm32f10x_rcc.o(.text) for RCC_APB2PeriphResetCmd
    stm32f10x_usart.o(.text) refers to stm32f10x_rcc.o(.text) for RCC_APB2PeriphResetCmd
    stm32f10x_wwdg.o(.text) refers to stm32f10x_rcc.o(.text) for RCC_APB1PeriphResetCmd
    event_groups.o(.text) refers to _printf_percent.o(.ARM.Collect$$_printf_percent$$00000000) for _printf_percent
    event_groups.o(.text) refers to _printf_d.o(.ARM.Collect$$_printf_percent$$00000009) for _printf_d
    event_groups.o(.text) refers to _printf_s.o(.ARM.Collect$$_printf_percent$$00000014) for _printf_s
    event_groups.o(.text) refers to _printf_dec.o(.text) for _printf_int_dec
    event_groups.o(.text) refers to _printf_str.o(.text) for _printf_str
    event_groups.o(.text) refers to heap_4.o(.text) for pvPortMalloc
    event_groups.o(.text) refers to list.o(.text) for vListInitialise
    event_groups.o(.text) refers to __2printf.o(.text) for __2printf
    event_groups.o(.text) refers to tasks.o(.text) for vTaskSuspendAll
    event_groups.o(.text) refers to port.o(.text) for vPortEnterCritical
    event_groups.o(.text) refers to timers.o(.text) for xTimerPendFunctionCallFromISR
    queue.o(.text) refers to _printf_percent.o(.ARM.Collect$$_printf_percent$$00000000) for _printf_percent
[...]
    Get_Adc_Average                          0x08006155   Thumb Code    46  adc.o(.text)
    KEY_Init                                 0x08006195   Thumb Code    52  key.o(.text)
    KEY_Scan                                 0x080061c9   Thumb Code   188  key.o(.text)
    LCD_WR_REG                               0x08006291   Thumb Code     6  lcd.o(.text)
    LCD_WR_DATA                              0x08006297   Thumb Code     8  lcd.o(.text)
    LCD_RD_DATA                              0x0800629f   Thumb Code    16  lcd.o(.text)
    LCD_WriteReg                             0x080062af   Thumb Code    10  lcd.o(.text)
    LCD_ReadReg                              0x080062b9   Thumb Code    22  lcd.o(.text)
    LCD_WriteRAM_Prepare                     0x080062cf   Thumb Code    10  lcd.o(.text)
    LCD_WriteRAM                             0x080062d9   Thumb Code     8  lcd.o(.text)
    LCD_BGR2RGB                              0x080062e1   Thumb Code    26  lcd.o(.text)
    opt_delay                                0x080062fb   Thumb Code    14  lcd.o(.text)
    LCD_SetCursor                            0x08006309   Thumb Code   418  lcd.o(.text)
    LCD_ReadPoint                            0x080064ab   Thumb Code   360  lcd.o(.text)
    LCD_DisplayOn                            0x08006613   Thumb Code   102  lcd.o(.text)
    LCD_DisplayOff                           0x08006679   Thumb Code    90  lcd.o(.text)
    LCD_Scan_Dir                             0x080066d3   Thumb Code   744  lcd.o(.text)
    LCD_DrawPoint                            0x080069bb   Thumb Code    28  lcd.o(.text)
    LCD_Fast_DrawPoint                       0x080069d7   Thumb Code   384  lcd.o(.text)
    LCD_SSD_BackLightSet                     0x08006b57   Thumb Code    80  lcd.o(.text)
    LCD_Display_Dir                          0x08006ba7   Thumb Code   444  lcd.o(.text)
    LCD_Set_Window                           0x08006d63   Thumb Code   540  lcd.o(.text)
    LCD_Clear                                0x08006f7f   Thumb Code   100  lcd.o(.text)
    LCD_Init                                 0x08006fe3   Thumb Code 14164  lcd.o(.text)
    LCD_Fill                                 0x0800a737   Thumb Code   178  lcd.o(.text)
    LCD_Color_Fill                           0x0800a7e9   Thumb Code   104  lcd.o(.text)
    LCD_DrawLine                             0x0800a851   Thumb Code   176  lcd.o(.text)
    LCD_DrawRectangle                        0x0800a901   Thumb Code    60  lcd.o(.text)
    LCD_Draw_Circle                          0x0800a93d   Thumb Code   152  lcd.o(.text)
    LCD_ShowChar                             0x0800a9d5   Thumb Code   272  lcd.o(.text)
    LCD_Pow                                  0x0800aae5   Thumb Code    22  lcd.o(.text)
    LCD_ShowNum                              0x0800aafb   Thumb Code   148  lcd.o(.text)
    LCD_ShowxNum                             0x0800ab8f   Thumb Code   220  lcd.o(.text)
    LCD_ShowString                           0x0800ac6b   Thumb Code   102  lcd.o(.text)
    LED_Init                                 0x0800acd1   Thumb Code    68  led.o(.text)
    DHT11_Rst                                0x0800ad1d   Thumb Code    52  dht11.o(.text)
    DHT11_Check                              0x0800ad51   Thumb Code    96  dht11.o(.text)
    DHT11_Read_Bit                           0x0800adb1   Thumb Code    76  dht11.o(.text)
    DHT11_Read_Byte                          0x0800adfd   Thumb Code    30  dht11.o(.text)
    DHT11_Read_Data                          0x0800ae1b   Thumb Code    88  dht11.o(.text)
    DHT11_Init                               0x0800ae73   Thumb Code    58  dht11.o(.text)
    MPU_Write_Byte                           0x0800aeb9   Thumb Code    68  mpu6050.o(.text)
    MPU_Set_LPF                              0x0800aefd   Thumb Code    58  mpu6050.o(.text)
    MPU_Set_Rate                             0x0800af37   Thumb Code    58  mpu6050.o(.text)
    MPU_Read_Byte                            0x0800af71   Thumb Code    58  mpu6050.o(.text)
    MPU_Set_Accel_Fsr                        0x0800afab   Thumb Code    16  mpu6050.o(.text)
    MPU_Set_Gyro_Fsr                         0x0800afbb   Thumb Code    16  mpu6050.o(.text)
    MPU_Init                                 0x0800afcb   Thumb Code   180  mpu6050.o(.text)
    MPU_Read_Len                             0x0800b07f   Thumb Code   116  mpu6050.o(.text)
    MPU_Get_Temperature                      0x0800b0f3   Thumb Code    86  mpu6050.o(.text)
    MPU_Get_Gyroscope                        0x0800b149   Thumb Code    80  mpu6050.o(.text)
    MPU_Get_Accelerometer                    0x0800b199   Thumb Code    80  mpu6050.o(.text)
    MPU_Write_Len                            0x0800b1e9   Thumb Code    96  mpu6050.o(.text)
    MPU_IIC_Delay                            0x0800b265   Thumb Code    10  mpuiic.o(.text)
    MPU_IIC_Init                             0x0800b26f   Thumb Code    46  mpuiic.o(.text)
    MPU_IIC_Start                            0x0800b29d   Thumb Code    60  mpuiic.o(.text)
    MPU_IIC_Stop                             0x0800b2d9   Thumb Code    62  mpuiic.o(.text)
    MPU_IIC_Wait_Ack                         0x0800b317   Thumb Code    86  mpuiic.o(.text)
    MPU_IIC_Ack                              0x0800b36d   Thumb Code    66  mpuiic.o(.text)
    MPU_IIC_NAck                             0x0800b3af   Thumb Code    66  mpuiic.o(.text)
    MPU_IIC_Send_Byte                        0x0800b3f1   Thumb Code    82  mpuiic.o(.text)
    MPU_IIC_Read_Byte                        0x0800b443   Thumb Code    96  mpuiic.o(.text)
    NMEA_Comma_Pos                           0x0800b4b1   Thumb Code    50  gps.o(.text)
    NMEA_Pow                                 0x0800b4e3   Thumb Code    22  gps.o(.text)
    NMEA_Str2num                             0x0800b4f9   Thumb Code   234  gps.o(.text)
    NMEA_GPGSV_Analysis                      0x0800b5e3   Thumb Code   290  gps.o(.text)
    NMEA_BDGSV_Analysis                      0x0800b705   Thumb Code   298  gps.o(.text)
    NMEA_GNGGA_Analysis                      0x0800b82f   Thumb Code    96  gps.o(.text)
    NMEA_GNGSA_Analysis                      0x0800b88f   Thumb Code   176  gps.o(.text)
    NMEA_GNRMC_Analysis                      0x0800b93f   Thumb Code   580  gps.o(.text)
    NMEA_GNVTG_Analysis                      0x0800bb83   Thumb Code    78  gps.o(.text)
    GPS_Analysis                             0x0800bbd1   Thumb Code    56  gps.o(.text)
    SkyTra_Cfg_Ack_Check                     0x0800bc09   Thumb Code   100  gps.o(.text)
    SkyTra_Send_Date                         0x0800bc6d   Thumb Code    40  gps.o(.text)
    SkyTra_Cfg_Prt                           0x0800bc95   Thumb Code    86  gps.o(.text)
    SkyTra_Cfg_Tp                            0x0800bceb   Thumb Code   126  gps.o(.text)
    SkyTra_Cfg_Rate                          0x0800bd69   Thumb Code    60  gps.o(.text)
    USART3_IRQHandler                        0x0800bdc5   Thumb Code    94  usart3.o(.text)
    usart3_init                              0x0800be23   Thumb Code   192  usart3.o(.text)
    u3_printf                                0x0800bee3   Thumb Code    72  usart3.o(.text)
    TIM7_IRQHandler                          0x0800bf45   Thumb Code    42  timer7.o(.text)
    TIM7_Int_Init                            0x0800bf6f   Thumb Code    90  timer7.o(.text)
    OV7670_Init                              0x0800bfd1   Thumb Code   258  ov7670.o(.text)
    OV7670_Light_Mode                        0x0800c0d3   Thumb Code    92  ov7670.o(.text)
    OV7670_Color_Saturation                  0x0800c12f   Thumb Code   122  ov7670.o(.text)
    OV7670_Brightness                        0x0800c1a9   Thumb Code    50  ov7670.o(.text)
    OV7670_Contrast                          0x0800c1db   Thumb Code    50  ov7670.o(.text)
    OV7670_Special_Effects                   0x0800c20d   Thumb Code   106  ov7670.o(.text)
    OV7670_Window_Set                        0x0800c277   Thumb Code   138  ov7670.o(.text)
    SCCB_Init                                0x0800c31d   Thumb Code   102  sccb.o(.text)
    SCCB_Start                               0x0800c383   Thumb Code    42  sccb.o(.text)
    SCCB_Stop                                0x0800c3ad   Thumb Code    42  sccb.o(.text)
    SCCB_No_Ack                              0x0800c3d7   Thumb Code    54  sccb.o(.text)
    SCCB_WR_Byte                             0x0800c40d   Thumb Code   152  sccb.o(.text)
    SCCB_RD_Byte                             0x0800c4a5   Thumb Code   104  sccb.o(.text)
    SCCB_WR_Reg                              0x0800c50d   Thumb Code    62  sccb.o(.text)
    SCCB_RD_Reg                              0x0800c54b   Thumb Code    78  sccb.o(.text)
    EXTI0_IRQHandler                         0x0800c5b1   Thumb Code    44  exti.o(.text)
    EXTI2_IRQHandler                         0x0800c5dd   Thumb Code    46  exti.o(.text)
    EXTI3_IRQHandler                         0x0800c60b   Thumb Code    42  exti.o(.text)
    EXTI4_IRQHandler                         0x0800c635   Thumb Code    46  exti.o(.text)
    EXTIX_Init                               0x0800c663   Thumb Code   268  exti.o(.text)
    EXTI9_5_IRQHandler                       0x0800c76f   Thumb Code    54  exti.o(.text)
    EXTI8_Init                               0x0800c7a5   Thumb Code    70  exti.o(.text)
    TIM3_Int_Init                            0x0800c80d   Thumb Code    90  timer6.o(.text)
    TIM3_IRQHandler                          0x0800c867   Thumb Code    38  timer6.o(.text)
    TIM3_PWM_Init                            0x0800c88d   Thumb Code   142  timer6.o(.text)
    TIM5_Cap_Init                            0x0800c91b   Thumb Code   154  timer6.o(.text)
    TIM5_IRQHandler                          0x0800c9b5   Thumb Code   178  timer6.o(.text)
    TIM1_PWM_Init                            0x0800ca67   Thumb Code   146  timer6.o(.text)
    TIM6_IRQHandler                          0x0800caf9   Thumb Code    28  timer6.o(.text)
    TIM6_Int_Init                            0x0800cb15   Thumb Code    90  timer6.o(.text)
    MYDMA_Config                             0x0800cba1   Thumb Code    82  dma.o(.text)
    MYDMA_Enable                             0x0800cbf3   Thumb Code    32  dma.o(.text)
    mpu_reg_dump                             0x0800cca7   Thumb Code    84  inv_mpu.o(.text)
    mpu_read_reg                             0x0800ccfb   Thumb Code    66  inv_mpu.o(.text)
    mpu_set_int_latched                      0x0800cd3d   Thumb Code   102  inv_mpu.o(.text)
    mpu_set_sensors                          0x0800cda3   Thumb Code   202  inv_mpu.o(.text)
    mpu_set_bypass                           0x0800ce6d   Thumb Code   328  inv_mpu.o(.text)
    mpu_reset_fifo                           0x0800cfb5   Thumb Code   472  inv_mpu.o(.text)
    mpu_configure_fifo                       0x0800d18d   Thumb Code   106  inv_mpu.o(.text)
    mpu_set_lpf                              0x0800d1f7   Thumb Code   126  inv_mpu.o(.text)
    mpu_lp_accel_mode                        0x0800d275   Thumb Code   218  inv_mpu.o(.text)
    mpu_set_sample_rate                      0x0800d34f   Thumb Code   152  inv_mpu.o(.text)
    mpu_set_accel_fsr                        0x0800d3e7   Thumb Code   132  inv_mpu.o(.text)
    mpu_set_gyro_fsr                         0x0800d46b   Thumb Code   132  inv_mpu.o(.text)
    mpu_init                                 0x0800d4ef   Thumb Code   416  inv_mpu.o(.text)
    mget_ms                                  0x0800d68f   Thumb Code     2  inv_mpu.o(.text)
    mpu_get_gyro_reg                         0x0800d691   Thumb Code   110  inv_mpu.o(.text)
    mpu_get_accel_reg                        0x0800d6ff   Thumb Code   110  inv_mpu.o(.text)
    mpu_get_temperature                      0x0800d76d   Thumb Code   150  inv_mpu.o(.text)
    mpu_set_accel_bias                       0x0800d803   Thumb Code   468  inv_mpu.o(.text)
    mpu_get_gyro_fsr                         0x0800d9d7   Thumb Code    64  inv_mpu.o(.text)
    mpu_get_accel_fsr                        0x0800da17   Thumb Code    72  inv_mpu.o(.text)
    mpu_get_lpf                              0x0800da5f   Thumb Code    74  inv_mpu.o(.text)
    mpu_get_sample_rate                      0x0800daa9   Thumb Code    26  inv_mpu.o(.text)
    mpu_get_compass_sample_rate              0x0800dac3   Thumb Code    10  inv_mpu.o(.text)
    mpu_set_compass_sample_rate              0x0800dacd   Thumb Code     8  inv_mpu.o(.text)
    mpu_get_gyro_sens                        0x0800dad5   Thumb Code    58  inv_mpu.o(.text)
    mpu_get_accel_sens                       0x0800db0f   Thumb Code    78  inv_mpu.o(.text)
    mpu_get_fifo_config                      0x0800db5d   Thumb Code    12  inv_mpu.o(.text)
    mpu_get_power_state                      0x0800db69   Thumb Code    22  inv_mpu.o(.text)
    mpu_get_int_status                       0x0800db7f   Thumb Code    64  inv_mpu.o(.text)
    mpu_read_fifo                            0x0800dbbf   Thumb Code   520  inv_mpu.o(.text)
    mpu_read_fifo_stream                     0x0800ddc7   Thumb Code   186  inv_mpu.o(.text)
    mpu_set_int_level                        0x0800de81   Thumb Code    12  inv_mpu.o(.text)
    mpu_set_dmp_state                        0x0800e561   Thumb Code   138  inv_mpu.o(.text)
    mpu_run_self_test                        0x0800e5eb   Thumb Code   278  inv_mpu.o(.text)
    mpu_write_mem                            0x0800e701   Thumb Code   122  inv_mpu.o(.text)
    mpu_read_mem                             0x0800e77b   Thumb Code   122  inv_mpu.o(.text)
    mpu_load_firmware                        0x0800e7f5   Thumb Code   190  inv_mpu.o(.text)
    mpu_get_dmp_state                        0x0800e8b3   Thumb Code    14  inv_mpu.o(.text)
    setup_compass                            0x0800e8c1   Thumb Code     6  inv_mpu.o(.text)
    mpu_get_compass_reg                      0x0800e8c7   Thumb Code     8  inv_mpu.o(.text)
    mpu_get_compass_fsr                      0x0800e8cf   Thumb Code     8  inv_mpu.o(.text)
    mpu_lp_motion_interrupt                  0x0800e8d7   Thumb Code   512  inv_mpu.o(.text)
    run_self_test                            0x0800ead7   Thumb Code   148  inv_mpu.o(.text)
    inv_row_2_scale                          0x0800eb6b   Thumb Code    78  inv_mpu.o(.text)
    inv_orientation_matrix_to_scalar         0x0800ebb9   Thumb Code    40  inv_mpu.o(.text)
    mpu_dmp_init                             0x0800ebe1   Thumb Code   144  inv_mpu.o(.text)
    mpu_dmp_get_data                         0x0800ec71   Thumb Code   556  inv_mpu.o(.text)
    dmp_load_motion_driver_firmware          0x0800eea1   Thumb Code    20  inv_mpu_dmp_motion_driver.o(.text)
    dmp_set_orientation                      0x0800eeb5   Thumb Code   290  inv_mpu_dmp_motion_driver.o(.text)
    dmp_set_gyro_bias                        0x0800efd7   Thumb Code   294  inv_mpu_dmp_motion_driver.o(.text)
    dmp_set_accel_bias                       0x0800f0fd   Thumb Code   300  inv_mpu_dmp_motion_driver.o(.text)
    dmp_set_fifo_rate                        0x0800f229   Thumb Code   136  inv_mpu_dmp_motion_driver.o(.text)
    dmp_get_fifo_rate                        0x0800f2b1   Thumb Code    12  inv_mpu_dmp_motion_driver.o(.text)
    dmp_set_tap_thresh                       0x0800f2bd   Thumb Code   396  inv_mpu_dmp_motion_driver.o(.text)
    dmp_set_tap_axes                         0x0800f449   Thumb Code    70  inv_mpu_dmp_motion_driver.o(.text)
    dmp_set_tap_count                        0x0800f48f   Thumb Code    38  inv_mpu_dmp_motion_driver.o(.text)
    dmp_set_tap_time                         0x0800f4b5   Thumb Code    38  inv_mpu_dmp_motion_driver.o(.text)
    dmp_set_tap_time_multi                   0x0800f4db   Thumb Code    38  inv_mpu_dmp_motion_driver.o(.text)
    dmp_set_shake_reject_thresh              0x0800f501   Thumb Code    56  inv_mpu_dmp_motion_driver.o(.text)
    dmp_set_shake_reject_time                0x0800f539   Thumb Code    38  inv_mpu_dmp_motion_driver.o(.text)
    dmp_set_shake_reject_timeout             0x0800f55f   Thumb Code    38  inv_mpu_dmp_motion_driver.o(.text)
    dmp_get_pedometer_step_count             0x0800f585   Thumb Code    66  inv_mpu_dmp_motion_driver.o(.text)
    dmp_set_pedometer_step_count             0x0800f5c7   Thumb Code    42  inv_mpu_dmp_motion_driver.o(.text)
    dmp_get_pedometer_walk_time              0x0800f5f1   Thumb Code    72  inv_mpu_dmp_motion_driver.o(.text)
    dmp_set_pedometer_walk_time              0x0800f639   Thumb Code    48  inv_mpu_dmp_motion_driver.o(.text)
    dmp_enable_6x_lp_quat                    0x0800f669   Thumb Code    84  inv_mpu_dmp_motion_driver.o(.text)
    dmp_enable_lp_quat                       0x0800f6bd   Thumb Code    60  inv_mpu_dmp_motion_driver.o(.text)
    dmp_enable_gyro_cal                      0x0800f6f9   Thumb Code    62  inv_mpu_dmp_motion_driver.o(.text)
    dmp_enable_feature                       0x0800f737   Thumb Code   530  inv_mpu_dmp_motion_driver.o(.text)
    dmp_get_enabled_features                 0x0800f949   Thumb Code    12  inv_mpu_dmp_motion_driver.o(.text)
    dmp_set_interrupt_mode                   0x0800f9b3   Thumb Code    66  inv_mpu_dmp_motion_driver.o(.text)
    dmp_read_fifo                            0x0800f9f5   Thumb Code   514  inv_mpu_dmp_motion_driver.o(.text)
    dmp_register_tap_cb                      0x0800fbf7   Thumb Code    10  inv_mpu_dmp_motion_driver.o(.text)
    dmp_register_android_orient_cb           0x0800fc01   Thumb Code    10  inv_mpu_dmp_motion_driver.o(.text)
    start_task                               0x0800fc11   Thumb Code   132  start_task.o(.text)
    startTast                                0x0800fc95   Thumb Code    26  start_task.o(.text)
    LedTask                                  0x0800fd1d   Thumb Code    24  led_task.o(.text)
    LcdTask                                  0x0800fd3d   Thumb Code   272  lcd_task.o(.text)
    usart1_send_char                         0x0800feb9   Thumb Code    28  sensor_task.o(.text)
    usart1_niming_report                     0x0800fed5   Thumb Code   118  sensor_task.o(.text)
    mpu6050_send_data                        0x0800ff4b   Thumb Code   110  sensor_task.o(.text)
    usart1_report_imu                        0x0800ffb9   Thumb Code   192  sensor_task.o(.text)
    SensorTask                               0x08010079   Thumb Code    78  sensor_task.o(.text)
    Gps_Msg_Show                             0x080100e1   Thumb Code   326  camera_task.o(.text)
    camera_refresh                           0x08010227   Thumb Code   308  camera_task.o(.text)
    CameraTask                               0x0801035b   Thumb Code  1290  camera_task.o(.text)
    PrintTask                                0x0801087d   Thumb Code   140  print_task.o(.text)
    SysTick_Handler                          0x0801095d   Thumb Code    16  delay.o(.text)
    delay_init                               0x0801096d   Thumb Code    74  delay.o(.text)
    delay_us                                 0x080109b7   Thumb Code    68  delay.o(.text)
    delay_ms                                 0x080109fb   Thumb Code    60  delay.o(.text)
    delay_xms                                0x08010a37   Thumb Code    24  delay.o(.text)
    _sys_exit                                0x08010a61   Thumb Code     4  usart.o(.text)
    fputc                                    0x08010a65   Thumb Code    24  usart.o(.text)
    uart_init                                0x08010a7d   Thumb Code   152  usart.o(.text)
    USART1_IRQHandler                        0x08010b15   Thumb Code   122  usart.o(.text)
    uart2_init                               0x08010b8f   Thumb Code   148  usart.o(.text)
    USART2_IRQHandler                        0x08010c23   Thumb Code   122  usart.o(.text)
    usmart_sys_cmd_exe                       0x08010cb5   Thumb Code  1542  usmart.o(.text)
    usmart_reset_runtime                     0x080112bb   Thumb Code    38  usmart.o(.text)
    usmart_get_runtime                       0x080112e1   Thumb Code    60  usmart.o(.text)
    TIM4_IRQHandler                          0x0801131d   Thumb Code    46  usmart.o(.text)
    Timer4_Init                              0x0801134b   Thumb Code    88  usmart.o(.text)
    usmart_init                              0x080113a3   Thumb Code    36  usmart.o(.text)
    usmart_cmd_rec                           0x080113c7   Thumb Code   170  usmart.o(.text)
    usmart_exe                               0x08011471   Thumb Code   870  usmart.o(.text)
    usmart_scan                              0x080117d7   Thumb Code   120  usmart.o(.text)
    read_addr                                0x0801184f   Thumb Code     6  usmart.o(.text)
    write_addr                               0x08011855   Thumb Code     4  usmart.o(.text)
    usmart_strcmp                            0x080118e1   Thumb Code    34  usmart_str.o(.text)
    usmart_strcopy                           0x08011903   Thumb Code    22  usmart_str.o(.text)
    usmart_strlen                            0x08011919   Thumb Code    24  usmart_str.o(.text)
    usmart_pow                               0x08011931   Thumb Code    22  usmart_str.o(.text)
    usmart_str2num                           0x08011947   Thumb Code   202  usmart_str.o(.text)
    usmart_get_cmdname                       0x08011a11   Thumb Code    54  usmart_str.o(.text)
    usmart_search_nextc                      0x08011a47   Thumb Code    22  usmart_str.o(.text)
    usmart_get_fname                         0x08011a5d   Thumb Code   440  usmart_str.o(.text)
    usmart_get_aparm                         0x08011c15   Thumb Code   200  usmart_str.o(.text)
    usmart_get_parmpos                       0x08011cdd   Thumb Code    26  usmart_str.o(.text)
    usmart_get_fparam                        0x08011cf7   Thumb Code   262  usmart_str.o(.text)
    __use_no_semihosting                     0x08011e09   Thumb Code     2  use_no_semi_2.o(.text)
    __aeabi_ldivmod                          0x08011e0b   Thumb Code     0  llsdiv.o(.text)
    _ll_sdiv                                 0x08011e0b   Thumb Code    72  llsdiv.o(.text)
    vsprintf                                 0x08011e55   Thumb Code    32  vsprintf.o(.text)
    __2printf                                0x08011e79   Thumb Code    20  __2printf.o(.text)
    __2sprintf                               0x08011e91   Thumb Code    38  __2sprintf.o(.text)
    _printf_pre_padding                      0x08011ebd   Thumb Code    44  _printf_pad.o(.text)
    _printf_post_padding                     0x08011ee9   Thumb Code    34  _printf_pad.o(.text)
    _printf_str                              0x08011f0b   Thumb Code    82  _printf_str.o(.text)
    _printf_int_dec                          0x08011f5d   Thumb Code   104  _printf_dec.o(.text)
    _printf_longlong_hex                     0x08011fd5   Thumb Code    86  _printf_hex_int_ll_ptr.o(.text)
    _printf_int_hex                          0x0801202b   Thumb Code    28  _printf_hex_int_ll_ptr.o(.text)
    _printf_ll_hex                           0x08012047   Thumb Code    12  _printf_hex_int_ll_ptr.o(.text)
    _printf_hex_ptr                          0x08012053   Thumb Code    18  _printf_hex_int_ll_ptr.o(.text)
    __printf                                 0x08012069   Thumb Code   388  __printf_flags_ss_wp.o(.text)
    strstr                                   0x080121f1   Thumb Code    36  strstr.o(.text)
    memcmp                                   0x08012215   Thumb Code    88  memcmp.o(.text)
    strcpy                                   0x0801226d   Thumb Code    72  strcpy.o(.text)
    strlen                                   0x080122b5   Thumb Code    62  strlen.o(.text)
    __aeabi_memcpy                           0x080122f3   Thumb Code     0  rt_memcpy_v6.o(.text)
    __rt_memcpy                              0x080122f3   Thumb Code   138  rt_memcpy_v6.o(.text)
    _memcpy_lastbytes                        0x08012359   Thumb Code     0  rt_memcpy_v6.o(.text)
    __aeabi_memset                           0x0801237d   Thumb Code    16  aeabi_memset.o(.text)
    __use_two_region_memory                  0x0801238d   Thumb Code     2  heapauxi.o(.text)
    __rt_heap_escrow$2region                 0x0801238f   Thumb Code     2  heapauxi.o(.text)
    __rt_heap_expand$2region                 0x08012391   Thumb Code     2  heapauxi.o(.text)
    __I$use$semihosting                      0x08012393   Thumb Code     0  use_no_semi.o(.text)
    __use_no_semihosting_swi                 0x08012393   Thumb Code     2  use_no_semi.o(.text)
    __aeabi_uldivmod                         0x08012395   Thumb Code     0  lludivv7m.o(.text)
    _ll_udiv                                 0x08012395   Thumb Code   238  lludivv7m.o(.text)
    __read_errno                             0x08012483   Thumb Code    10  _rserrno.o(.text)
    __set_errno                              0x0801248d   Thumb Code    12  _rserrno.o(.text)
    _printf_truncate_signed                  0x08012499   Thumb Code    18  _printf_truncate.o(.text)
    _printf_truncate_unsigned                0x080124ab   Thumb Code    18  _printf_truncate.o(.text)
    _printf_int_common                       0x080124bd   Thumb Code   178  _printf_intcommon.o(.text)
    _printf_charcount                        0x0801256f   Thumb Code    40  _printf_charcount.o(.text)
    __lib_sel_fp_printf                      0x08012597   Thumb Code     2  _printf_fp_dec.o(.text)
    _printf_fp_dec_real                      0x08012749   Thumb Code   620  _printf_fp_dec.o(.text)
    _printf_char_common                      0x080129bf   Thumb Code    32  _printf_char_common.o(.text)
    _sputc                                   0x080129e5   Thumb Code    10  _sputc.o(.text)
    _printf_cs_common                        0x080129ef   Thumb Code    20  _printf_char.o(.text)
    _printf_char                             0x08012a03   Thumb Code    16  _printf_char.o(.text)
    _printf_string                           0x08012a13   Thumb Code     8  _printf_char.o(.text)
    _printf_char_file                        0x08012a1d   Thumb Code    32  _printf_char_file.o(.text)
    _printf_wctomb                           0x08012a41   Thumb Code   182  _printf_wctomb.o(.text)
    _printf_longlong_dec                     0x08012afd   Thumb Code   108  _printf_longlong_dec.o(.text)
    _printf_longlong_oct                     0x08012b79   Thumb Code    66  _printf_oct_int_ll.o(.text)
    _printf_int_oct                          0x08012bbb   Thumb Code    24  _printf_oct_int_ll.o(.text)
    _printf_ll_oct                           0x08012bd3   Thumb Code    12  _printf_oct_int_ll.o(.text)
    __aeabi_memcpy4                          0x08012be9   Thumb Code     0  rt_memcpy_w.o(.text)
    __aeabi_memcpy8                          0x08012be9   Thumb Code     0  rt_memcpy_w.o(.text)
    __rt_memcpy_w                            0x08012be9   Thumb Code   100  rt_memcpy_w.o(.text)
    _memcpy_lastbytes_aligned                0x08012c31   Thumb Code     0  rt_memcpy_w.o(.text)
    __aeabi_memclr                           0x08012c4d   Thumb Code     0  rt_memclr.o(.text)
    __rt_memclr                              0x08012c4d   Thumb Code    68  rt_memclr.o(.text)
    _memset                                  0x08012c51   Thumb Code     0  rt_memclr.o(.text)
    __rt_locale                              0x08012c91   Thumb Code     8  rt_locale_intlibspace.o(.text)
    __aeabi_errno_addr                       0x08012c99   Thumb Code     8  rt_errno_addr_intlibspace.o(.text)
    __errno$intlibspace                      0x08012c99   Thumb Code     0  rt_errno_addr_intlibspace.o(.text)
    __rt_errno_addr$intlibspace              0x08012c99   Thumb Code     0  rt_errno_addr_intlibspace.o(.text)
    _ll_udiv10                               0x08012ca1   Thumb Code   138  lludiv10.o(.text)
    _printf_fp_hex_real                      0x08012d2d   Thumb Code   756  _printf_fp_hex.o(.text)
    _printf_fp_infnan                        0x08013029   Thumb Code   112  _printf_fp_infnan.o(.text)
    _printf_lcs_common                       0x080130a9   Thumb Code    20  _printf_wchar.o(.text)
    _printf_wchar                            0x080130bd   Thumb Code    16  _printf_wchar.o(.text)
    _printf_wstring                          0x080130cd   Thumb Code     8  _printf_wchar.o(.text)
    _btod_etento                             0x080130d5   Thumb Code   224  bigflt0.o(.text)
    ferror                                   0x080131b9   Thumb Code     8  ferror.o(.text)
    _wcrtomb                                 0x080131c1   Thumb Code    64  _wcrtomb.o(.text)
    __aeabi_memclr4                          0x08013201   Thumb Code     0  rt_memclr_w.o(.text)
    __aeabi_memclr8                          0x08013201   Thumb Code     0  rt_memclr_w.o(.text)
    __rt_memclr_w                            0x08013201   Thumb Code    78  rt_memclr_w.o(.text)
    _memset_w                                0x08013205   Thumb Code     0  rt_memclr_w.o(.text)
    __user_libspace                          0x08013251   Thumb Code     8  libspace.o(.text)
    __user_perproc_libspace                  0x08013251   Thumb Code     0  libspace.o(.text)
    __user_perthread_libspace                0x08013251   Thumb Code     0  libspace.o(.text)
    __user_setup_stackheap                   0x08013259   Thumb Code    74  sys_stackheap_outer.o(.text)
    __rt_ctype_table                         0x080132a5   Thumb Code    16  rt_ctype_table.o(.text)
    exit                                     0x080132b5   Thumb Code    18  exit.o(.text)
    strcmp                                   0x080132c9   Thumb Code   128  strcmpv7m.o(.text)
    _btod_d2e                                0x08013349   Thumb Code    62  btod.o(CL$$btod_d2e)
    _d2e_denorm_low                          0x08013387   Thumb Code    70  btod.o(CL$$btod_d2e_denorm_low)
    _d2e_norm_op1                            0x080133cd   Thumb Code    96  btod.o(CL$$btod_d2e_norm_op1)
    __btod_div_common                        0x0801342d   Thumb Code   696  btod.o(CL$$btod_div_common)
    _e2e                                     0x08013765   Thumb Code   220  btod.o(CL$$btod_e2e)
    _btod_ediv                               0x08013841   Thumb Code    42  btod.o(CL$$btod_ediv)
    _btod_emul                               0x0801386b   Thumb Code    42  btod.o(CL$$btod_emul)
    __btod_mult_common                       0x08013895   Thumb Code   580  btod.o(CL$$btod_mult_common)
    __ARM_fpclassify                         0x08013ad9   Thumb Code    40  fpclassify.o(i.__ARM_fpclassify)
    __kernel_poly                            0x08013b01   Thumb Code   170  poly.o(i.__kernel_poly)
    __mathlib_dbl_infnan                     0x08013bab   Thumb Code     6  dunder.o(i.__mathlib_dbl_infnan)
    __mathlib_dbl_infnan2                    0x08013bb1   Thumb Code     4  dunder.o(i.__mathlib_dbl_infnan2)
    __mathlib_dbl_invalid                    0x08013bb5   Thumb Code    12  dunder.o(i.__mathlib_dbl_invalid)
    __mathlib_dbl_underflow                  0x08013bc1   Thumb Code    10  dunder.o(i.__mathlib_dbl_underflow)
    _is_digit                                0x08013bd1   Thumb Code    14  __printf_wp.o(i._is_digit)
    asin                                     0x08013be1   Thumb Code   572  asin.o(i.asin)
    atan                                     0x08013e51   Thumb Code   474  atan.o(i.atan)
    atan2                                    0x08014071   Thumb Code   346  atan2.o(i.atan2)
    sqrt                                     0x080141f1   Thumb Code    76  sqrt.o(i.sqrt)
    _get_lc_numeric                          0x0801423d   Thumb Code    44  lc_numeric_c.o(locale$$code)
    _get_lc_ctype                            0x08014269   Thumb Code    44  lc_ctype_c.o(locale$$code)
    __aeabi_d2f                              0x08014295   Thumb Code     0  d2f.o(x$fpl$d2f)
    _d2f                                     0x08014295   Thumb Code    98  d2f.o(x$fpl$d2f)
    __aeabi_dadd                             0x080142f9   Thumb Code     0  daddsub_clz.o(x$fpl$dadd)
    _dadd                                    0x080142f9   Thumb Code   332  daddsub_clz.o(x$fpl$dadd)
    __fpl_dcheck_NaN1                        0x08014449   Thumb Code    10  dcheck1.o(x$fpl$dcheck1)
    __aeabi_ddiv                             0x08014459   Thumb Code     0  ddiv.o(x$fpl$ddiv)
    _ddiv                                    0x08014459   Thumb Code   552  ddiv.o(x$fpl$ddiv)
    __aeabi_d2uiz                            0x08014709   Thumb Code     0  dfixu.o(x$fpl$dfixu)
    _dfixu                                   0x08014709   Thumb Code    90  dfixu.o(x$fpl$dfixu)
    __aeabi_i2d                              0x08014763   Thumb Code     0  dflt_clz.o(x$fpl$dflt)
    _dflt                                    0x08014763   Thumb Code    46  dflt_clz.o(x$fpl$dflt)
    __aeabi_ui2d                             0x08014791   Thumb Code     0  dflt_clz.o(x$fpl$dfltu)
    _dfltu                                   0x08014791   Thumb Code    38  dflt_clz.o(x$fpl$dfltu)
    __aeabi_dmul                             0x080147b9   Thumb Code     0  dmul.o(x$fpl$dmul)
    _dmul                                    0x080147b9   Thumb Code   332  dmul.o(x$fpl$dmul)
    __fpl_dnaninf                            0x0801490d   Thumb Code   156  dnaninf.o(x$fpl$dnaninf)
    __fpl_dretinf                            0x080149a9   Thumb Code    12  dretinf.o(x$fpl$dretinf)
    __aeabi_drsub                            0x080149b5   Thumb Code     0  daddsub_clz.o(x$fpl$drsb)
    _drsb                                    0x080149b5   Thumb Code    22  daddsub_clz.o(x$fpl$drsb)
    _dsqrt                                   0x080149cd   Thumb Code   456  dsqrt_noumaal.o(x$fpl$dsqrt)
    __aeabi_dsub                             0x08014b99   Thumb Code     0  daddsub_clz.o(x$fpl$dsub)
    _dsub                                    0x08014b99   Thumb Code   464  daddsub_clz.o(x$fpl$dsub)
    __aeabi_f2d                              0x08014d6d   Thumb Code     0  f2d.o(x$fpl$f2d)
    _f2d                                     0x08014d6d   Thumb Code    86  f2d.o(x$fpl$f2d)
    __aeabi_fadd                             0x08014dc5   Thumb Code     0  faddsub_clz.o(x$fpl$fadd)
    _fadd                                    0x08014dc5   Thumb Code   196  faddsub_clz.o(x$fpl$fadd)
    __fpl_fcmp_Inf                           0x08014e89   Thumb Code    24  fcmpi.o(x$fpl$fcmpinf)
    __aeabi_fdiv                             0x08014ea1   Thumb Code     0  fdiv.o(x$fpl$fdiv)
    _fdiv                                    0x08014ea1   Thumb Code   384  fdiv.o(x$fpl$fdiv)
    __aeabi_cfcmpeq                          0x08015025   Thumb Code     0  feqf.o(x$fpl$feqf)
    _fcmpeq                                  0x08015025   Thumb Code   104  feqf.o(x$fpl$feqf)
    __aeabi_f2iz                             0x0801508d   Thumb Code     0  ffix.o(x$fpl$ffix)
    _ffix                                    0x0801508d   Thumb Code    54  ffix.o(x$fpl$ffix)
    __aeabi_f2uiz                            0x080150c5   Thumb Code     0  ffixu.o(x$fpl$ffixu)
    _ffixu                                   0x080150c5   Thumb Code    62  ffixu.o(x$fpl$ffixu)
    __aeabi_i2f                              0x08015105   Thumb Code     0  fflt_clz.o(x$fpl$fflt)
    _fflt                                    0x08015105   Thumb Code    48  fflt_clz.o(x$fpl$fflt)
    __aeabi_ui2f                             0x08015135   Thumb Code     0  fflt_clz.o(x$fpl$ffltu)
    _ffltu                                   0x08015135   Thumb Code    38  fflt_clz.o(x$fpl$ffltu)
    __aeabi_cfcmple                          0x0801515d   Thumb Code     0  fleqf.o(x$fpl$fleqf)
    _fcmple                                  0x0801515d   Thumb Code   104  fleqf.o(x$fpl$fleqf)
    __fpl_fcmple_InfNaN                      0x080151af   Thumb Code     0  fleqf.o(x$fpl$fleqf)
    __aeabi_fmul                             0x080151c5   Thumb Code     0  fmul.o(x$fpl$fmul)
    _fmul                                    0x080151c5   Thumb Code   258  fmul.o(x$fpl$fmul)
    __fpl_fnaninf                            0x080152c7   Thumb Code   140  fnaninf.o(x$fpl$fnaninf)
    __fpl_fretinf                            0x08015353   Thumb Code    10  fretinf.o(x$fpl$fretinf)
    __aeabi_cfrcmple                         0x0801535d   Thumb Code     0  frleqf.o(x$fpl$frleqf)
    _frcmple                                 0x0801535d   Thumb Code    98  frleqf.o(x$fpl$frleqf)
    __aeabi_fsub                             0x080153c1   Thumb Code     0  faddsub_clz.o(x$fpl$fsub)
    _fsub                                    0x080153c1   Thumb Code   234  faddsub_clz.o(x$fpl$fsub)
    _printf_fp_dec                           0x080154ab   Thumb Code     4  printf1.o(x$fpl$printf1)
    _printf_fp_hex                           0x080154af   Thumb Code     4  printf2.o(x$fpl$printf2)
    __fpl_return_NaN                         0x080154b3   Thumb Code   100  retnan.o(x$fpl$retnan)
    __ARM_scalbn                             0x08015517   Thumb Code    92  scalbn.o(x$fpl$scalbn)
    __fpl_cmpreturn                          0x08015573   Thumb Code    48  trapv.o(x$fpl$trapveneer)
    __I$use$fp                               0x080155a2   Number         0  usenofp.o(x$fpl$usenofp)
    asc2_1206                                0x080155a2   Data        1140  lcd.o(.constdata)
    asc2_1608                                0x08015a16   Data        1520  lcd.o(.constdata)
    asc2_2412                                0x08016006   Data        3420  lcd.o(.constdata)
    BAUD_id                                  0x08016d64   Data          36  gps.o(.constdata)
    ov7670_init_reg_tbl                      0x08016d88   Data         336  ov7670.o(.constdata)
    reg                                      0x08016ed8   Data          27  inv_mpu.o(.constdata)
    hw                                       0x08016ef4   Data          12  inv_mpu.o(.constdata)
    test                                     0x08016f00   Data          40  inv_mpu.o(.constdata)
    __mathlib_zero                           0x08017c48   Data           8  qnan.o(.constdata)
    Region$$Table$$Base                      0x08017ee0   Number         0  anon$$obj.o(Region$$Table)
    Region$$Table$$Limit                     0x08017f00   Number         0  anon$$obj.o(Region$$Table)
    __ctype                                  0x08017f29   Data           0  lc_ctype_c.o(locale$$data)
    key                                      0x20000000   Data           1  main.o(.data)
    SystemCoreClock                          0x20000004   Data           4  system_stm32f10x.o(.data)
    AHBPrescTable                            0x20000008   Data          16  system_stm32f10x.o(.data)
    pxCurrentTCB                             0x2000002c   Data           4  tasks.o(.data)
    POINT_COLOR                              0x200000a2   Data           2  lcd.o(.data)
    BACK_COLOR                               0x200000a4   Data           2  lcd.o(.data)
    USART3_RX_STA                            0x200000a6   Data           2  usart3.o(.data)
    ov_sta                                   0x200000a8   Data           1  exti.o(.data)
    TIM5CH1_CAPTURE_STA                      0x200000aa   Data           1  timer6.o(.data)
    TIM5CH1_CAPTURE_VAL                      0x200000ac   Data           2  timer6.o(.data)
    ov_frame                                 0x200000ae   Data           1  timer6.o(.data)
    DMA1_MEM_LEN                             0x200000b0   Data           2  dma.o(.data)
    temperature                              0x20000104   Data           1  sensor_task.o(.data)
    humidity                                 0x20000105   Data           1  sensor_task.o(.data)
    temp                                     0x20000106   Data           1  sensor_task.o(.data)
    adcx                                     0x20000107   Data           1  sensor_task.o(.data)
    adcv                                     0x20000108   Data           1  sensor_task.o(.data)
    alert                                    0x2000010c   Data           4  sensor_task.o(.data)
    cmd                                      0x20000110   Data           4  camera_task.o(.data)
    color_r                                  0x20000114   Data           2  camera_task.o(.data)
    color_g                                  0x20000116   Data           2  camera_task.o(.data)
    color_b                                  0x20000118   Data           2  camera_task.o(.data)
    v                                        0x2000011a   Data           2  camera_task.o(.data)
    h                                        0x2000011c   Data           2  camera_task.o(.data)
    row                                      0x2000011e   Data           2  camera_task.o(.data)
    col                                      0x20000120   Data           2  camera_task.o(.data)
    buffer_full                              0x20000124   Data           4  camera_task.o(.data)
    SendBuff                                 0x20000128   Data       19202  camera_task.o(.data)
    WhitePoint                               0x20004c2a   Data           2  camera_task.o(.data)
    BlackPoint                               0x20004c2c   Data           2  camera_task.o(.data)
    a                                        0x20004c2e   Data           1  camera_task.o(.data)
    t                                        0x20004c2f   Data           1  camera_task.o(.data)
    report                                   0x20004c30   Data           1  camera_task.o(.data)
    flag                                     0x20004c31   Data           1  camera_task.o(.data)
    pitch                                    0x20004c34   Data           4  camera_task.o(.data)
    roll                                     0x20004c38   Data           4  camera_task.o(.data)
    yaw                                      0x20004c3c   Data           4  camera_task.o(.data)
    aacx                                     0x20004c40   Data           2  camera_task.o(.data)
    aacy                                     0x20004c42   Data           2  camera_task.o(.data)
    aacz                                     0x20004c44   Data           2  camera_task.o(.data)
    gyrox                                    0x20004c46   Data           2  camera_task.o(.data)
    gyroy                                    0x20004c48   Data           2  camera_task.o(.data)
    gyroz                                    0x20004c4a   Data           2  camera_task.o(.data)
    MPUtemp                                  0x20004c4c   Data           2  camera_task.o(.data)
    i                                        0x20004c4e   Data           2  camera_task.o(.data)
    rxlen                                    0x20004c50   Data           2  camera_task.o(.data)
    lenx                                     0x20004c52   Data           2  camera_task.o(.data)
    upload                                   0x20004c54   Data           1  camera_task.o(.data)
    fixmode_tbl                              0x20004c58   Data          16  camera_task.o(.data)
    longitude                                0x20004c68   Data           4  camera_task.o(.data)
    latitude                                 0x20004c6c   Data           4  camera_task.o(.data)
    altitude                                 0x20004c70   Data           4  camera_task.o(.data)
    LMODE_TBL                                0x20004c74   Data          20  camera_task.o(.data)
    EFFECTS_TBL                              0x20004c88   Data          28  camera_task.o(.data)
    __stdout                                 0x20004ca8   Data           4  usart.o(.data)
    USART_RX_STA                             0x20004cac   Data           2  usart.o(.data)
    USART_RX_STA2                            0x20004cae   Data           2  usart.o(.data)
    sys_cmd_tab                              0x20004cb0   Data          28  usmart.o(.data)
    usmart_nametab                           0x20004ccc   Data          56  usmart_config.o(.data)
    usmart_dev                               0x20004d04   Data         244  usmart_config.o(.data)
    xQueueRegistry                           0x20004df8   Data          64  queue.o(.bss)
    lcddev                                   0x2000a144   Data          14  lcd.o(.bss)
    USART3_RX_BUF                            0x2000a152   Data         600  usart3.o(.bss)
    USART3_TX_BUF                            0x2000a3aa   Data         600  usart3.o(.bss)
    TIM5_ICInitStructure                     0x2000a602   Data          10  timer6.o(.bss)
    DMA_InitStructure                        0x2000a60c   Data          44  dma.o(.bss)
    USART1_TX_BUF                            0x2000a648   Data         600  camera_task.o(.bss)
    gpsx                                     0x2000a8a0   Data         166  camera_task.o(.bss)
    dtbuf                                    0x2000a948   Data          50  camera_task.o(.bss)
    USART_RX_BUF                             0x2000a97a   Data         200  usart.o(.bss)
    USART_RX_BUF2                            0x2000aa42   Data         200  usart.o(.bss)
    __libspace_start                         0x2000ab0c   Data          96  libspace.o(.bss)
    __temporary_stack_top$libspace           0x2000ab6c   Data           0  libspace.o(.bss)



==============================================================================

Memory Map of the image

  Image Entry point : 0x08000131

  Load Region LR_IROM1 (Base: 0x08000000, Size: 0x0001ce24, Max: 0x00080000, ABSOLUTE, COMPRESSED[0x00018194])

    Execution Region ER_IROM1 (Exec base: 0x08000000, Load base: 0x08000000, Size: 0x0001802c, Max: 0x00080000, ABSOLUTE)

    Exec Addr    Load Addr    Size         Type   Attr      Idx    E Section Name        Object

    0x08000000   0x08000000   0x00000130   Data   RO          350    RESET               startup_stm32f10x_hd.o
    0x08000130   0x08000130   0x00000008   Code   RO         1534  * !!!main             c_w.l(__main.o)
    0x08000138   0x08000138   0x00000034   Code   RO         1965    !!!scatter          c_w.l(__scatter.o)
    0x0800016c   0x0800016c   0x0000005a   Code   RO         1963    !!dczerorl2         c_w.l(__dczerorl2.o)
    0x080001c6   0x080001c6   0x00000002   PAD
    0x080001c8   0x080001c8   0x0000001c   Code   RO         1967    !!handler_zi        c_w.l(__scatter_zi.o)
    0x080001e4   0x080001e4   0x00000000   Code   RO         1519    .ARM.Collect$$_printf_percent$$00000000  c_w.l(_printf_percent.o)
    0x080001e4   0x080001e4   0x00000006   Code   RO         1648    .ARM.Collect$$_printf_percent$$00000001  c_w.l(_printf_n.o)
    0x080001ea   0x080001ea   0x00000006   Code   RO         1649    .ARM.Collect$$_printf_percent$$00000002  c_w.l(_printf_p.o)
    0x080001f0   0x080001f0   0x00000006   Code   RO         1518    .ARM.Collect$$_printf_percent$$00000003  c_w.l(_printf_f.o)
    0x080001f6   0x080001f6   0x00000006   Code   RO         1652    .ARM.Collect$$_printf_percent$$00000004  c_w.l(_printf_e.o)
    0x080001fc   0x080001fc   0x00000006   Code   RO         1653    .ARM.Collect$$_printf_percent$$00000005  c_w.l(_printf_g.o)
    0x08000202   0x08000202   0x00000006   Code   RO         1654    .ARM.Collect$$_printf_percent$$00000006  c_w.l(_printf_a.o)
    0x08000208   0x08000208   0x0000000a   Code   RO         1659    .ARM.Collect$$_printf_percent$$00000007  c_w.l(_printf_ll.o)
    0x08000212   0x08000212   0x00000006   Code   RO         1651    .ARM.Collect$$_printf_percent$$00000008  c_w.l(_printf_i.o)
    0x08000218   0x08000218   0x00000006   Code   RO         1516    .ARM.Collect$$_printf_percent$$00000009  c_w.l(_printf_d.o)
    0x0800021e   0x0800021e   0x00000006   Code   RO         1517    .ARM.Collect$$_printf_percent$$0000000A  c_w.l(_printf_u.o)
    0x08000224   0x08000224   0x00000006   Code   RO         1650    .ARM.Collect$$_printf_percent$$0000000B  c_w.l(_printf_o.o)
    0x0800022a   0x0800022a   0x00000006   Code   RO         1515    .ARM.Collect$$_printf_percent$$0000000C  c_w.l(_printf_x.o)
    0x08000230   0x08000230   0x00000006   Code   RO         1656    .ARM.Collect$$_printf_percent$$0000000D  c_w.l(_printf_lli.o)
    0x08000236   0x08000236   0x00000006   Code   RO         1657    .ARM.Collect$$_printf_percent$$0000000E  c_w.l(_printf_lld.o)
    0x0800023c   0x0800023c   0x00000006   Code   RO         1658    .ARM.Collect$$_printf_percent$$0000000F  c_w.l(_printf_llu.o)
    0x08000242   0x08000242   0x00000006   Code   RO         1663    .ARM.Collect$$_printf_percent$$00000010  c_w.l(_printf_llo.o)
    0x08000248   0x08000248   0x00000006   Code   RO         1664    .ARM.Collect$$_printf_percent$$00000011  c_w.l(_printf_llx.o)
    0x0800024e   0x0800024e   0x0000000a   Code   RO         1660    .ARM.Collect$$_printf_percent$$00000012  c_w.l(_printf_l.o)
    0x08000258   0x08000258   0x00000006   Code   RO         1513    .ARM.Collect$$_printf_percent$$00000013  c_w.l(_printf_c.o)
    0x0800025e   0x0800025e   0x00000006   Code   RO         1514    .ARM.Collect$$_printf_percent$$00000014  c_w.l(_printf_s.o)
    0x08000264   0x08000264   0x00000006   Code   RO         1661    .ARM.Collect$$_printf_percent$$00000015  c_w.l(_printf_lc.o)
    0x0800026a   0x0800026a   0x00000006   Code   RO         1662    .ARM.Collect$$_printf_percent$$00000016  c_w.l(_printf_ls.o)
    0x08000270   0x08000270   0x00000004   Code   RO         1655    .ARM.Collect$$_printf_percent$$00000017  c_w.l(_printf_percent_end.o)
    0x08000274   0x08000274   0x00000002   Code   RO         1827    .ARM.Collect$$libinit$$00000000  c_w.l(libinit.o)
    0x08000276   0x08000276   0x00000000   Code   RO         1829    .ARM.Collect$$libinit$$00000002  c_w.l(libinit2.o)
    0x08000276   0x08000276   0x00000000   Code   RO         1831    .ARM.Collect$$libinit$$00000004  c_w.l(libinit2.o)
    0x08000276   0x08000276   0x00000000   Code   RO         1834    .ARM.Collect$$libinit$$0000000A  c_w.l(libinit2.o)
    0x08000276   0x08000276   0x00000000   Code   RO         1836    .ARM.Collect$$libinit$$0000000C  c_w.l(libinit2.o)
    0x08000276   0x08000276   0x00000000   Code   RO         1838    .ARM.Collect$$libinit$$0000000E  c_w.l(libinit2.o)
    0x08000276   0x08000276   0x00000006   Code   RO         1839    .ARM.Collect$$libinit$$0000000F  c_w.l(libinit2.o)
    0x0800027c   0x0800027c   0x00000000   Code   RO         1841    .ARM.Collect$$libinit$$00000011  c_w.l(libinit2.o)
    0x0800027c   0x0800027c   0x0000000c   Code   RO         1842    .ARM.Collect$$libinit$$00000012  c_w.l(libinit2.o)
    0x08000288   0x08000288   0x00000000   Code   RO         1843    .ARM.Collect$$libinit$$00000013  c_w.l(libinit2.o)
    0x08000288   0x08000288   0x00000000   Code   RO         1845    .ARM.Collect$$libinit$$00000015  c_w.l(libinit2.o)
    0x08000288   0x08000288   0x0000000a   Code   RO         1846    .ARM.Collect$$libinit$$00000016  c_w.l(libinit2.o)
    0x08000292   0x08000292   0x00000000   Code   RO         1847    .ARM.Collect$$libinit$$00000017  c_w.l(libinit2.o)
    0x08000292   0x08000292   0x00000000   Code   RO         1849    .ARM.Collect$$libinit$$00000019  c_w.l(libinit2.o)
    0x08000292   0x08000292   0x00000000   Code   RO         1851    .ARM.Collect$$libinit$$0000001B  c_w.l(libinit2.o)
    0x08000292   0x08000292   0x00000000   Code   RO         1853    .ARM.Collect$$libinit$$0000001D  c_w.l(libinit2.o)
    0x08000292   0x08000292   0x00000000   Code   RO         1855    .ARM.Collect$$libinit$$0000001F  c_w.l(libinit2.o)
    0x08000292   0x08000292   0x00000000   Code   RO         1857    .ARM.Collect$$libinit$$00000021  c_w.l(libinit2.o)
    0x08000292   0x08000292   0x00000000   Code   RO         1859    .ARM.Collect$$libinit$$00000023  c_w.l(libinit2.o)
    0x08000292   0x08000292   0x00000000   Code   RO         1861    .ARM.Collect$$libinit$$00000025  c_w.l(libinit2.o)
    0x08000292   0x08000292   0x00000000   Code   RO         1865    .ARM.Collect$$libinit$$0000002C  c_w.l(libinit2.o)
    0x08000292   0x08000292   0x00000000   Code   RO         1867    .ARM.Collect$$libinit$$0000002E  c_w.l(libinit2.o)
    0x08000292   0x08000292   0x00000000   Code   RO         1869    .ARM.Collect$$libinit$$00000030  c_w.l(libinit2.o)
    0x08000292   0x08000292   0x00000000   Code   RO         1871    .ARM.Collect$$libinit$$00000032  c_w.l(libinit2.o)
    0x08000292   0x08000292   0x00000002   Code   RO         1872    .ARM.Collect$$libinit$$00000033  c_w.l(libinit2.o)
    0x08000294   0x08000294   0x00000002   Code   RO         1923    .ARM.Collect$$libshutdown$$00000000  c_w.l(libshutdown.o)
    0x08000296   0x08000296   0x00000000   Code   RO         1932    .ARM.Collect$$libshutdown$$00000002  c_w.l(libshutdown2.o)
    0x08000296   0x08000296   0x00000000   Code   RO         1934    .ARM.Collect$$libshutdown$$00000004  c_w.l(libshutdown2.o)
    0x08000296   0x08000296   0x00000000   Code   RO         1937    .ARM.Collect$$libshutdown$$00000007  c_w.l(libshutdown2.o)
    0x08000296   0x08000296   0x00000000   Code   RO         1940    .ARM.Collect$$libshutdown$$0000000A  c_w.l(libshutdown2.o)
    0x08000296   0x08000296   0x00000000   Code   RO         1942    .ARM.Collect$$libshutdown$$0000000C  c_w.l(libshutdown2.o)
    0x08000296   0x08000296   0x00000000   Code   RO         1945    .ARM.Collect$$libshutdown$$0000000F  c_w.l(libshutdown2.o)
    0x08000296   0x08000296   0x00000002   Code   RO         1946    .ARM.Collect$$libshutdown$$00000010  c_w.l(libshutdown2.o)
    0x08000298   0x08000298   0x00000000   Code   RO         1616    .ARM.Collect$$rtentry$$00000000  c_w.l(__rtentry.o)
    0x08000298   0x08000298   0x00000000   Code   RO         1726    .ARM.Collect$$rtentry$$00000002  c_w.l(__rtentry2.o)
    0x08000298   0x08000298   0x00000006   Code   RO         1738    .ARM.Collect$$rtentry$$00000004  c_w.l(__rtentry4.o)
    0x0800029e   0x0800029e   0x00000000   Code   RO         1728    .ARM.Collect$$rtentry$$00000009  c_w.l(__rtentry2.o)
    0x0800029e   0x0800029e   0x00000004   Code   RO         1729    .ARM.Collect$$rtentry$$0000000A  c_w.l(__rtentry2.o)
    0x080002a2   0x080002a2   0x00000000   Code   RO         1731    .ARM.Collect$$rtentry$$0000000C  c_w.l(__rtentry2.o)
    0x080002a2   0x080002a2   0x00000008   Code   RO         1732    .ARM.Collect$$rtentry$$0000000D  c_w.l(__rtentry2.o)
    0x080002aa   0x080002aa   0x00000002   Code   RO         1877    .ARM.Collect$$rtexit$$00000000  c_w.l(rtexit.o)
    0x080002ac   0x080002ac   0x00000000   Code   RO         1893    .ARM.Collect$$rtexit$$00000002  c_w.l(rtexit2.o)
    0x080002ac   0x080002ac   0x00000004   Code   RO         1894    .ARM.Collect$$rtexit$$00000003  c_w.l(rtexit2.o)
    0x080002b0   0x080002b0   0x00000006   Code   RO         1895    .ARM.Collect$$rtexit$$00000004  c_w.l(rtexit2.o)
    0x080002b6   0x080002b6   0x00000002   PAD
    0x080002b8   0x080002b8   0x00000096   Code   RO          798    .emb_text           port.o
    0x0800034e   0x0800034e   0x00000002   PAD
    0x08000350   0x08000350   0x00000194   Code   RO            1    .text               main.o
    0x080004e4   0x080004e4   0x00000014   Code   RO          221    .text               stm32f10x_it.o
    0x080004f8   0x080004f8   0x000001e0   Code   RO          330    .text               system_stm32f10x.o
    0x080006d8   0x080006d8   0x00000040   Code   RO          351    .text               startup_stm32f10x_hd.o
    0x08000718   0x08000718   0x000000dc   Code   RO          355    .text               misc.o
    0x080007f4   0x080007f4   0x0000044e   Code   RO          367    .text               stm32f10x_adc.o
    0x08000c42   0x08000c42   0x00000002   PAD
    0x08000c44   0x08000c44   0x00000254   Code   RO          451    .text               stm32f10x_dma.o
    0x08000e98   0x08000e98   0x0000011c   Code   RO          463    .text               stm32f10x_exti.o
    0x08000fb4   0x08000fb4   0x0000060c   Code   RO          487    .text               stm32f10x_fsmc.o
    0x080015c0   0x080015c0   0x0000035c   Code   RO          499    .text               stm32f10x_gpio.o
    0x0800191c   0x0800191c   0x000003a4   Code   RO          547    .text               stm32f10x_rcc.o
    0x08001cc0   0x08001cc0   0x00000e1a   Code   RO          597    .text               stm32f10x_tim.o
    0x08002ada   0x08002ada   0x00000002   PAD
    0x08002adc   0x08002adc   0x00000408   Code   RO          609    .text               stm32f10x_usart.o
    0x08002ee4   0x08002ee4   0x00000094   Code   RO          719    .text               list.o
    0x08002f78   0x08002f78   0x00000d0c   Code   RO          731    .text               queue.o
    0x08003c84   0x08003c84   0x00001820   Code   RO          752    .text               tasks.o
    0x080054a4   0x080054a4   0x00000640   Code   RO          783    .text               timers.o
    0x08005ae4   0x08005ae4   0x0000026c   Code   RO          799    .text               port.o
    0x08005d50   0x08005d50   0x000002a0   Code   RO          828    .text               heap_4.o
    0x08005ff0   0x08005ff0   0x000001a4   Code   RO          843    .text               adc.o
    0x08006194   0x08006194   0x000000fc   Code   RO          861    .text               key.o
    0x08006290   0x08006290   0x00004a40   Code   RO          877    .text               lcd.o
    0x0800acd0   0x0800acd0   0x0000004c   Code   RO          900    .text               led.o
    0x0800ad1c   0x0800ad1c   0x0000019c   Code   RO          915    .text               dht11.o
    0x0800aeb8   0x0800aeb8   0x000003ac   Code   RO          930    .text               mpu6050.o
    0x0800b264   0x0800b264   0x0000024c   Code   RO          952    .text               mpuiic.o
    0x0800b4b0   0x0800b4b0   0x00000914   Code   RO          964    .text               gps.o
    0x0800bdc4   0x0800bdc4   0x00000180   Code   RO         1000    .text               usart3.o
    0x0800bf44   0x0800bf44   0x0000008c   Code   RO         1029    .text               timer7.o
    0x0800bfd0   0x0800bfd0   0x0000034c   Code   RO         1045    .text               ov7670.o
    0x0800c31c   0x0800c31c   0x00000294   Code   RO         1072    .text               sccb.o
    0x0800c5b0   0x0800c5b0   0x0000025c   Code   RO         1084    .text               exti.o
    0x0800c80c   0x0800c80c   0x00000394   Code   RO         1114    .text               timer6.o
    0x0800cba0   0x0800cba0   0x0000007c   Code   RO         1152    .text               dma.o
    0x0800cc1c   0x0800cc1c   0x00002284   Code   RO         1171    .text               inv_mpu.o
    0x0800eea0   0x0800eea0   0x00000d70   Code   RO         1204    .text               inv_mpu_dmp_motion_driver.o
    0x0800fc10   0x0800fc10   0x0000010c   Code   RO         1225    .text               start_task.o
    0x0800fd1c   0x0800fd1c   0x00000020   Code   RO         1265    .text               led_task.o
    0x0800fd3c   0x0800fd3c   0x0000017c   Code   RO         1277    .text               lcd_task.o
    0x0800feb8   0x0800feb8   0x00000228   Code   RO         1292    .text               sensor_task.o
    0x080100e0   0x080100e0   0x0000079c   Code   RO         1311    .text               camera_task.o
    0x0801087c   0x0801087c   0x000000e0   Code   RO         1336    .text               print_task.o
    0x0801095c   0x0801095c   0x00000104   Code   RO         1348    .text               delay.o
    0x08010a60   0x08010a60   0x00000254   Code   RO         1378    .text               usart.o
    0x08010cb4   0x08010cb4   0x00000c2c   Code   RO         1407    .text               usmart.o
    0x080118e0   0x080118e0   0x00000528   Code   RO         1436    .text               usmart_str.o
    0x08011e08   0x08011e08   0x00000002   Code   RO         1450    .text               c_w.l(use_no_semi_2.o)
    0x08011e0a   0x08011e0a   0x00000048   Code   RO         1452    .text               c_w.l(llsdiv.o)
    0x08011e52   0x08011e52   0x00000002   PAD
    0x08011e54   0x08011e54   0x00000024   Code   RO         1454    .text               c_w.l(vsprintf.o)
    0x08011e78   0x08011e78   0x00000018   Code   RO         1456    .text               c_w.l(__2printf.o)
    0x08011e90   0x08011e90   0x0000002c   Code   RO         1458    .text               c_w.l(__2sprintf.o)
    0x08011ebc   0x08011ebc   0x0000004e   Code   RO         1466    .text               c_w.l(_printf_pad.o)
    0x08011f0a   0x08011f0a   0x00000052   Code   RO         1468    .text               c_w.l(_printf_str.o)
    0x08011f5c   0x08011f5c   0x00000078   Code   RO         1470    .text               c_w.l(_printf_dec.o)
    0x08011fd4   0x08011fd4   0x00000094   Code   RO         1490    .text               c_w.l(_printf_hex_int_ll_ptr.o)
    0x08012068   0x08012068   0x00000188   Code   RO         1510    .text               c_w.l(__printf_flags_ss_wp.o)
    0x080121f0   0x080121f0   0x00000024   Code   RO         1520    .text               c_w.l(strstr.o)
    0x08012214   0x08012214   0x00000058   Code   RO         1522    .text               c_w.l(memcmp.o)
    0x0801226c   0x0801226c   0x00000048   Code   RO         1524    .text               c_w.l(strcpy.o)
    0x080122b4   0x080122b4   0x0000003e   Code   RO         1526    .text               c_w.l(strlen.o)
    0x080122f2   0x080122f2   0x0000008a   Code   RO         1528    .text               c_w.l(rt_memcpy_v6.o)
    0x0801237c   0x0801237c   0x00000010   Code   RO         1530    .text               c_w.l(aeabi_memset.o)
    0x0801238c   0x0801238c   0x00000006   Code   RO         1532    .text               c_w.l(heapauxi.o)
    0x08012392   0x08012392   0x00000002   Code   RO         1614    .text               c_w.l(use_no_semi.o)
    0x08012394   0x08012394   0x000000ee   Code   RO         1617    .text               c_w.l(lludivv7m.o)
    0x08012482   0x08012482   0x00000016   Code   RO         1619    .text               c_w.l(_rserrno.o)
    0x08012498   0x08012498   0x00000024   Code   RO         1621    .text               c_w.l(_printf_truncate.o)
    0x080124bc   0x080124bc   0x000000b2   Code   RO         1623    .text               c_w.l(_printf_intcommon.o)
    0x0801256e   0x0801256e   0x00000028   Code   RO         1625    .text               c_w.l(_printf_charcount.o)
    0x08012596   0x08012596   0x0000041e   Code   RO         1627    .text               c_w.l(_printf_fp_dec.o)
    0x080129b4   0x080129b4   0x00000030   Code   RO         1629    .text               c_w.l(_printf_char_common.o)
    0x080129e4   0x080129e4   0x0000000a   Code   RO         1631    .text               c_w.l(_sputc.o)
    0x080129ee   0x080129ee   0x0000002c   Code   RO         1633    .text               c_w.l(_printf_char.o)
    0x08012a1a   0x08012a1a   0x00000002   PAD
    0x08012a1c   0x08012a1c   0x00000024   Code   RO         1635    .text               c_w.l(_printf_char_file.o)
    0x08012a40   0x08012a40   0x000000bc   Code   RO         1637    .text               c_w.l(_printf_wctomb.o)
    0x08012afc   0x08012afc   0x0000007c   Code   RO         1640    .text               c_w.l(_printf_longlong_dec.o)
    0x08012b78   0x08012b78   0x00000070   Code   RO         1646    .text               c_w.l(_printf_oct_int_ll.o)
    0x08012be8   0x08012be8   0x00000064   Code   RO         1665    .text               c_w.l(rt_memcpy_w.o)
    0x08012c4c   0x08012c4c   0x00000044   Code   RO         1667    .text               c_w.l(rt_memclr.o)
    0x08012c90   0x08012c90   0x00000008   Code   RO         1747    .text               c_w.l(rt_locale_intlibspace.o)
    0x08012c98   0x08012c98   0x00000008   Code   RO         1752    .text               c_w.l(rt_errno_addr_intlibspace.o)
    0x08012ca0   0x08012ca0   0x0000008a   Code   RO         1754    .text               c_w.l(lludiv10.o)
    0x08012d2a   0x08012d2a   0x00000002   PAD
    0x08012d2c   0x08012d2c   0x000002fc   Code   RO         1756    .text               c_w.l(_printf_fp_hex.o)
    0x08013028   0x08013028   0x00000080   Code   RO         1759    .text               c_w.l(_printf_fp_infnan.o)
    0x080130a8   0x080130a8   0x0000002c   Code   RO         1763    .text               c_w.l(_printf_wchar.o)
    0x080130d4   0x080130d4   0x000000e4   Code   RO         1765    .text               c_w.l(bigflt0.o)
    0x080131b8   0x080131b8   0x00000008   Code   RO         1790    .text               c_w.l(ferror.o)
    0x080131c0   0x080131c0   0x00000040   Code   RO         1794    .text               c_w.l(_wcrtomb.o)
    0x08013200   0x08013200   0x0000004e   Code   RO         1799    .text               c_w.l(rt_memclr_w.o)
    0x0801324e   0x0801324e   0x00000002   PAD
    0x08013250   0x08013250   0x00000008   Code   RO         1809    .text               c_w.l(libspace.o)
    0x08013258   0x08013258   0x0000004a   Code   RO         1812    .text               c_w.l(sys_stackheap_outer.o)
    0x080132a2   0x080132a2   0x00000002   PAD
    0x080132a4   0x080132a4   0x00000010   Code   RO         1814    .text               c_w.l(rt_ctype_table.o)
    0x080132b4   0x080132b4   0x00000012   Code   RO         1818    .text               c_w.l(exit.o)
    0x080132c6   0x080132c6   0x00000002   PAD
    0x080132c8   0x080132c8   0x00000080   Code   RO         1820    .text               c_w.l(strcmpv7m.o)
    0x08013348   0x08013348   0x0000003e   Code   RO         1768    CL$$btod_d2e        c_w.l(btod.o)
    0x08013386   0x08013386   0x00000046   Code   RO         1770    CL$$btod_d2e_denorm_low  c_w.l(btod.o)
    0x080133cc   0x080133cc   0x00000060   Code   RO         1769    CL$$btod_d2e_norm_op1  c_w.l(btod.o)
    0x0801342c   0x0801342c   0x00000338   Code   RO         1778    CL$$btod_div_common  c_w.l(btod.o)
    0x08013764   0x08013764   0x000000dc   Code   RO         1775    CL$$btod_e2e        c_w.l(btod.o)
    0x08013840   0x08013840   0x0000002a   Code   RO         1772    CL$$btod_ediv       c_w.l(btod.o)
    0x0801386a   0x0801386a   0x0000002a   Code   RO         1771    CL$$btod_emul       c_w.l(btod.o)
    0x08013894   0x08013894   0x00000244   Code   RO         1777    CL$$btod_mult_common  c_w.l(btod.o)
    0x08013ad8   0x08013ad8   0x00000028   Code   RO         1712    i.__ARM_fpclassify  m_ws.l(fpclassify.o)
    0x08013b00   0x08013b00   0x000000aa   Code   RO         1714    i.__kernel_poly     m_ws.l(poly.o)
    0x08013baa   0x08013baa   0x00000006   Code   RO         1699    i.__mathlib_dbl_infnan  m_ws.l(dunder.o)
    0x08013bb0   0x08013bb0   0x00000004   Code   RO         1700    i.__mathlib_dbl_infnan2  m_ws.l(dunder.o)
    0x08013bb4   0x08013bb4   0x0000000c   Code   RO         1701    i.__mathlib_dbl_invalid  m_ws.l(dunder.o)
    0x08013bc0   0x08013bc0   0x00000010   Code   RO         1704    i.__mathlib_dbl_underflow  m_ws.l(dunder.o)
    0x08013bd0   0x08013bd0   0x0000000e   Code   RO         1503    i._is_digit         c_w.l(__printf_wp.o)
    0x08013bde   0x08013bde   0x00000002   PAD
    0x08013be0   0x08013be0   0x00000270   Code   RO         1597    i.asin              m_ws.l(asin.o)
    0x08013e50   0x08013e50   0x00000220   Code   RO         1689    i.atan              m_ws.l(atan.o)
    0x08014070   0x08014070   0x00000180   Code   RO         1607    i.atan2             m_ws.l(atan2.o)
    0x080141f0   0x080141f0   0x0000004c   Code   RO         1718    i.sqrt              m_ws.l(sqrt.o)
    0x0801423c   0x0801423c   0x0000002c   Code   RO         1797    locale$$code        c_w.l(lc_numeric_c.o)
    0x08014268   0x08014268   0x0000002c   Code   RO         1880    locale$$code        c_w.l(lc_ctype_c.o)
    0x08014294   0x08014294   0x00000062   Code   RO         1536    x$fpl$d2f           fz_ws.l(d2f.o)
    0x080142f6   0x080142f6   0x00000002   PAD
    0x080142f8   0x080142f8   0x00000150   Code   RO         1538    x$fpl$dadd          fz_ws.l(daddsub_clz.o)
    0x08014448   0x08014448   0x00000010   Code   RO         1801    x$fpl$dcheck1       fz_ws.l(dcheck1.o)
    0x08014458   0x08014458   0x000002b0   Code   RO         1545    x$fpl$ddiv          fz_ws.l(ddiv.o)
    0x08014708   0x08014708   0x0000005a   Code   RO         1548    x$fpl$dfixu         fz_ws.l(dfixu.o)
    0x08014762   0x08014762   0x0000002e   Code   RO         1553    x$fpl$dflt          fz_ws.l(dflt_clz.o)
    0x08014790   0x08014790   0x00000026   Code   RO         1552    x$fpl$dfltu         fz_ws.l(dflt_clz.o)
    0x080147b6   0x080147b6   0x00000002   PAD
    0x080147b8   0x080147b8   0x00000154   Code   RO         1558    x$fpl$dmul          fz_ws.l(dmul.o)
    0x0801490c   0x0801490c   0x0000009c   Code   RO         1669    x$fpl$dnaninf       fz_ws.l(dnaninf.o)
    0x080149a8   0x080149a8   0x0000000c   Code   RO         1671    x$fpl$dretinf       fz_ws.l(dretinf.o)
    0x080149b4   0x080149b4   0x00000016   Code   RO         1539    x$fpl$drsb          fz_ws.l(daddsub_clz.o)
    0x080149ca   0x080149ca   0x00000002   PAD
    0x080149cc   0x080149cc   0x000001cc   Code   RO         1805    x$fpl$dsqrt         fz_ws.l(dsqrt_noumaal.o)
    0x08014b98   0x08014b98   0x000001d4   Code   RO         1540    x$fpl$dsub          fz_ws.l(daddsub_clz.o)
    0x08014d6c   0x08014d6c   0x00000056   Code   RO         1560    x$fpl$f2d           fz_ws.l(f2d.o)
    0x08014dc2   0x08014dc2   0x00000002   PAD
    0x08014dc4   0x08014dc4   0x000000c4   Code   RO         1562    x$fpl$fadd          fz_ws.l(faddsub_clz.o)
    0x08014e88   0x08014e88   0x00000018   Code   RO         1673    x$fpl$fcmpinf       fz_ws.l(fcmpi.o)
    0x08014ea0   0x08014ea0   0x00000184   Code   RO         1569    x$fpl$fdiv          fz_ws.l(fdiv.o)
    0x08015024   0x08015024   0x00000068   Code   RO         1572    x$fpl$feqf          fz_ws.l(feqf.o)
    0x0801508c   0x0801508c   0x00000036   Code   RO         1574    x$fpl$ffix          fz_ws.l(ffix.o)
    0x080150c2   0x080150c2   0x00000002   PAD
    0x080150c4   0x080150c4   0x0000003e   Code   RO         1578    x$fpl$ffixu         fz_ws.l(ffixu.o)
    0x08015102   0x08015102   0x00000002   PAD
    0x08015104   0x08015104   0x00000030   Code   RO         1583    x$fpl$fflt          fz_ws.l(fflt_clz.o)
    0x08015134   0x08015134   0x00000026   Code   RO         1582    x$fpl$ffltu         fz_ws.l(fflt_clz.o)
    0x0801515a   0x0801515a   0x00000002   PAD
    0x0801515c   0x0801515c   0x00000068   Code   RO         1588    x$fpl$fleqf         fz_ws.l(fleqf.o)
    0x080151c4   0x080151c4   0x00000102   Code   RO         1590    x$fpl$fmul          fz_ws.l(fmul.o)
    0x080152c6   0x080152c6   0x0000008c   Code   RO         1675    x$fpl$fnaninf       fz_ws.l(fnaninf.o)
    0x08015352   0x08015352   0x0000000a   Code   RO         1677    x$fpl$fretinf       fz_ws.l(fretinf.o)
    0x0801535c   0x0801535c   0x00000062   Code   RO         1592    x$fpl$frleqf        fz_ws.l(frleqf.o)
    0x080153be   0x080153be   0x00000002   PAD
    0x080153c0   0x080153c0   0x000000ea   Code   RO         1564    x$fpl$fsub          fz_ws.l(faddsub_clz.o)
    0x080154aa   0x080154aa   0x00000004   Code   RO         1594    x$fpl$printf1       fz_ws.l(printf1.o)
    0x080154ae   0x080154ae   0x00000004   Code   RO         1679    x$fpl$printf2       fz_ws.l(printf2.o)
    0x080154b2   0x080154b2   0x00000064   Code   RO         1875    x$fpl$retnan        fz_ws.l(retnan.o)
    0x08015516   0x08015516   0x0000005c   Code   RO         1685    x$fpl$scalbn        fz_ws.l(scalbn.o)
    0x08015572   0x08015572   0x00000030   Code   RO         1890    x$fpl$trapveneer    fz_ws.l(trapv.o)
    0x080155a2   0x080155a2   0x00000000   Code   RO         1687    x$fpl$usenofp       fz_ws.l(usenofp.o)
    0x080155a2   0x080155a2   0x000017c0   Data   RO          879    .constdata          lcd.o
    0x08016d62   0x08016d62   0x00000002   PAD
    0x08016d64   0x08016d64   0x00000024   Data   RO          965    .constdata          gps.o
    0x08016d88   0x08016d88   0x00000150   Data   RO         1046    .constdata          ov7670.o
    0x08016ed8   0x08016ed8   0x00000050   Data   RO         1172    .constdata          inv_mpu.o
    0x08016f28   0x08016f28   0x00000bf6   Data   RO         1206    .constdata          inv_mpu_dmp_motion_driver.o
    0x08017b1e   0x08017b1e   0x00000028   Data   RO         1491    .constdata          c_w.l(_printf_hex_int_ll_ptr.o)
    0x08017b46   0x08017b46   0x00000011   Data   RO         1511    .constdata          c_w.l(__printf_flags_ss_wp.o)
    0x08017b57   0x08017b57   0x00000001   PAD
    0x08017b58   0x08017b58   0x00000050   Data   RO         1598    .constdata          m_ws.l(asin.o)
    0x08017ba8   0x08017ba8   0x00000008   Data   RO         1638    .constdata          c_w.l(_printf_wctomb.o)
    0x08017bb0   0x08017bb0   0x00000098   Data   RO         1690    .constdata          m_ws.l(atan.o)
    0x08017c48   0x08017c48   0x00000008   Data   RO         1716    .constdata          m_ws.l(qnan.o)
    0x08017c50   0x08017c50   0x00000026   Data   RO         1757    .constdata          c_w.l(_printf_fp_hex.o)
    0x08017c76   0x08017c76   0x00000002   PAD
    0x08017c78   0x08017c78   0x00000094   Data   RO         1766    .constdata          c_w.l(bigflt0.o)
    0x08017d0c   0x08017d0c   0x0000004d   Data   RO         1173    .conststring        inv_mpu.o
    0x08017d59   0x08017d59   0x00000003   PAD
    0x08017d5c   0x08017d5c   0x0000007a   Data   RO         1313    .conststring        camera_task.o
    0x08017dd6   0x08017dd6   0x00000002   PAD
    0x08017dd8   0x08017dd8   0x00000028   Data   RO         1408    .conststring        usmart.o
    0x08017e00   0x08017e00   0x000000df   Data   RO         1423    .conststring        usmart_config.o
    0x08017edf   0x08017edf   0x00000001   PAD
    0x08017ee0   0x08017ee0   0x00000020   Data   RO         1961    Region$$Table       anon$$obj.o
    0x08017f00   0x08017f00   0x0000001c   Data   RO         1796    locale$$data        c_w.l(lc_numeric_c.o)
    0x08017f1c   0x08017f1c   0x00000110   Data   RO         1879    locale$$data        c_w.l(lc_ctype_c.o)


    Execution Region RW_IRAM1 (Exec base: 0x20000000, Load base: 0x0801802c, Size: 0x0000b170, Max: 0x00010000, ABSOLUTE, COMPRESSED[0x00000168])

    Exec Addr    Load Addr    Size         Type   Attr      Idx    E Section Name        Object

    0x20000000   COMPRESSED   0x00000001   Data   RW            2    .data               main.o
    0x20000001   COMPRESSED   0x00000003   PAD
    0x20000004   COMPRESSED   0x00000014   Data   RW          331    .data               system_stm32f10x.o
    0x20000018   COMPRESSED   0x00000014   Data   RW          548    .data               stm32f10x_rcc.o
    0x2000002c   COMPRESSED   0x0000003c   Data   RW          754    .data               tasks.o
    0x20000068   COMPRESSED   0x00000014   Data   RW          785    .data               timers.o
    0x2000007c   COMPRESSED   0x0000000c   Data   RW          800    .data               port.o
    0x20000088   COMPRESSED   0x00000018   Data   RW          830    .data               heap_4.o
    0x200000a0   COMPRESSED   0x00000001   Data   RW          862    .data               key.o
    0x200000a1   COMPRESSED   0x00000001   PAD
    0x200000a2   COMPRESSED   0x00000004   Data   RW          880    .data               lcd.o
    0x200000a6   COMPRESSED   0x00000002   Data   RW         1002    .data               usart3.o
    0x200000a8   COMPRESSED   0x00000001   Data   RW         1085    .data               exti.o
    0x200000a9   COMPRESSED   0x00000001   PAD
    0x200000aa   COMPRESSED   0x00000005   Data   RW         1116    .data               timer6.o
    0x200000af   COMPRESSED   0x00000001   PAD
    0x200000b0   COMPRESSED   0x00000002   Data   RW         1154    .data               dma.o
    0x200000b2   COMPRESSED   0x00000002   PAD
    0x200000b4   COMPRESSED   0x00000035   Data   RW         1174    .data               inv_mpu.o
    0x200000e9   COMPRESSED   0x00000003   PAD
    0x200000ec   COMPRESSED   0x00000018   Data   RW         1226    .data               start_task.o
    0x20000104   COMPRESSED   0x0000000c   Data   RW         1293    .data               sensor_task.o
    0x20000110   COMPRESSED   0x00004b94   Data   RW         1314    .data               camera_task.o
    0x20004ca4   COMPRESSED   0x00000004   Data   RW         1349    .data               delay.o
    0x20004ca8   COMPRESSED   0x00000008   Data   RW         1380    .data               usart.o
    0x20004cb0   COMPRESSED   0x0000001c   Data   RW         1409    .data               usmart.o
    0x20004ccc   COMPRESSED   0x0000012c   Data   RW         1424    .data               usmart_config.o
    0x20004df8        -       0x00000040   Zero   RW          732    .bss                queue.o
    0x20004e38        -       0x000002e4   Zero   RW          753    .bss                tasks.o
    0x2000511c        -       0x00000028   Zero   RW          784    .bss                timers.o
    0x20005144        -       0x00005000   Zero   RW          829    .bss                heap_4.o
    0x2000a144        -       0x0000000e   Zero   RW          878    .bss                lcd.o
    0x2000a152        -       0x000004b0   Zero   RW         1001    .bss                usart3.o
    0x2000a602        -       0x0000000a   Zero   RW         1115    .bss                timer6.o
    0x2000a60c        -       0x0000002c   Zero   RW         1153    .bss                dma.o
    0x2000a638        -       0x00000010   Zero   RW         1205    .bss                inv_mpu_dmp_motion_driver.o
    0x2000a648        -       0x00000332   Zero   RW         1312    .bss                camera_task.o
    0x2000a97a        -       0x00000190   Zero   RW         1379    .bss                usart.o
    0x2000ab0a   COMPRESSED   0x00000002   PAD
    0x2000ab0c        -       0x00000060   Zero   RW         1810    .bss                c_w.l(libspace.o)
    0x2000ab6c   COMPRESSED   0x00000004   PAD
    0x2000ab70        -       0x00000200   Zero   RW          349    HEAP                startup_stm32f10x_hd.o
    0x2000ad70        -       0x00000400   Zero   RW          348    STACK               startup_stm32f10x_hd.o


==============================================================================

Image component sizes


      Code (inc. data)   RO Data    RW Data    ZI Data      Debug   Object Name

       420         18          0          0          0       1554   adc.o
      1948        332        122      19348        818       3921   camera_task.o
         0          0          0          0          0         32   core_cm3.o
         0          0          0          0          0       9984   croutine.o
       260         18          0          4          0       1473   delay.o
       412         12          0          0          0       2118   dht11.o
       124         10          0          2         44       1405   dma.o
         0          0          0          0          0      11748   event_groups.o
       604         34          0          1          0       1808   exti.o
      2324         74         36          0          0       8241   gps.o
       672         82          0         24      20480       3248   heap_4.o
      8836        198        157         53          0      24221   inv_mpu.o
      3440        126       3062          0         16      15655   inv_mpu_dmp_motion_driver.o
       252         12          0          1          0        832   key.o
     19008        144       6080          4         14      22194   lcd.o
       380        108          0          0          0        542   lcd_task.o
        76          8          0          0          0        487   led.o
        32          8          0          0          0        474   led_task.o
       148          0          0          0          0       1810   list.o
       404         78          0          1          0     254230   main.o
       220         22          0          0          0       1745   misc.o
       940         28          0          0          0       4431   mpu6050.o
       588         14          0          0          0       2054   mpuiic.o
       844         36        336          0          0       3297   ov7670.o
       770        100          0         12          0       7643   port.o
       224         84          0          0          0        504   print_task.o
      3340         52          0          0         64      18770   queue.o
       660         24          0          0          0       2039   sccb.o
       552         26          0         12          0       3011   sensor_task.o
       268        110          0         24          0       1015   start_task.o
        64         26        304          0       1536        828   startup_stm32f10x_hd.o
      1102         26          0          0          0      10989   stm32f10x_adc.o
       596          8          0          0          0       4314   stm32f10x_dma.o
       284         10          0          0          0       2207   stm32f10x_exti.o
      1548         18          0          0          0       5327   stm32f10x_fsmc.o
       860         38          0          0          0       5681   stm32f10x_gpio.o
        20          0          0          0          0     278311   stm32f10x_it.o
       932         36          0         20          0       8844   stm32f10x_rcc.o
      3610         88          0          0          0      22792   stm32f10x_tim.o
      1032         22          0          0          0       8404   stm32f10x_usart.o
       480         38          0         20          0       1899   system_stm32f10x.o
      6176        402          0         60        740      31984   tasks.o
       916         50          0          5         10       3112   timer6.o
       140          8          0          0          0        788   timer7.o
      1600        112          0         20         40       8824   timers.o
       596         24          0          8        400       3815   usart.o
       384         26          0          2       1200       2526   usart3.o
      3116       1282         40         28          0       4326   usmart.o
         0          0        223        300          0       1600   usmart_config.o
      1320         12          0          0          0       5201   usmart_str.o

    ----------------------------------------------------------------------
     72528       3984      10400      19960      25364     822258   Object Totals
         0          0         32          0          0          0   (incl. Generated)
         6          0          8         11          2          0   (incl. Padding)

    ----------------------------------------------------------------------

      Code (inc. data)   RO Data    RW Data    ZI Data      Debug   Library Member Name

        24          4          0          0          0         84   __2printf.o
        44          6          0          0          0         84   __2sprintf.o
        90          0          0          0          0          0   __dczerorl2.o
         8          0          0          0          0         68   __main.o
       392          4         17          0          0         92   __printf_flags_ss_wp.o
        14          0          0          0          0         68   __printf_wp.o
         0          0          0          0          0          0   __rtentry.o
        12          0          0          0          0          0   __rtentry2.o
         6          0          0          0          0          0   __rtentry4.o
        52          8          0          0          0          0   __scatter.o
        28          0          0          0          0          0   __scatter_zi.o
         6          0          0          0          0          0   _printf_a.o
         6          0          0          0          0          0   _printf_c.o
        44          0          0          0          0        108   _printf_char.o
        48          6          0          0          0         96   _printf_char_common.o
        36          4          0          0          0         80   _printf_char_file.o
        40          0          0          0          0         68   _printf_charcount.o
         6          0          0          0          0          0   _printf_d.o
       120         16          0          0          0         92   _printf_dec.o
         6          0          0          0          0          0   _printf_e.o
         6          0          0          0          0          0   _printf_f.o
      1054          0          0          0          0        216   _printf_fp_dec.o
       764          8         38          0          0        100   _printf_fp_hex.o
       128         16          0          0          0         84   _printf_fp_infnan.o
         6          0          0          0          0          0   _printf_g.o
       148          4         40          0          0        160   _printf_hex_int_ll_ptr.o
         6          0          0          0          0          0   _printf_i.o
       178          0          0          0          0         88   _printf_intcommon.o
        10          0          0          0          0          0   _printf_l.o
         6          0          0          0          0          0   _printf_lc.o
        10          0          0          0          0          0   _printf_ll.o
         6          0          0          0          0          0   _printf_lld.o
         6          0          0          0          0          0   _printf_lli.o
         6          0          0          0          0          0   _printf_llo.o
         6          0          0          0          0          0   _printf_llu.o
         6          0          0          0          0          0   _printf_llx.o
       124         16          0          0          0         92   _printf_longlong_dec.o
         6          0          0          0          0          0   _printf_ls.o
         6          0          0          0          0          0   _printf_n.o
         6          0          0          0          0          0   _printf_o.o
       112         10          0          0          0        124   _printf_oct_int_ll.o
         6          0          0          0          0          0   _printf_p.o
        78          0          0          0          0        108   _printf_pad.o
         0          0          0          0          0          0   _printf_percent.o
         4          0          0          0          0          0   _printf_percent_end.o
         6          0          0          0          0          0   _printf_s.o
        82          0          0          0          0         80   _printf_str.o
        36          0          0          0          0         84   _printf_truncate.o
         6          0          0          0          0          0   _printf_u.o
        44          0          0          0          0        108   _printf_wchar.o
       188          6          8          0          0         92   _printf_wctomb.o
         6          0          0          0          0          0   _printf_x.o
        22          0          0          0          0        100   _rserrno.o
        10          0          0          0          0         68   _sputc.o
        64          0          0          0          0         92   _wcrtomb.o
        16          0          0          0          0         68   aeabi_memset.o
       228          4        148          0          0         96   bigflt0.o
      1936        128          0          0          0        672   btod.o
        18          0          0          0          0         80   exit.o
         8          0          0          0          0         68   ferror.o
         6          0          0          0          0        152   heapauxi.o
        44         10        272          0          0         76   lc_ctype_c.o
        44         10         28          0          0         76   lc_numeric_c.o
         2          0          0          0          0          0   libinit.o
        30          0          0          0          0          0   libinit2.o
         2          0          0          0          0          0   libshutdown.o
         2          0          0          0          0          0   libshutdown2.o
         8          4          0          0         96         68   libspace.o
        72          0          0          0          0         76   llsdiv.o
       138          0          0          0          0         80   lludiv10.o
       238          0          0          0          0        100   lludivv7m.o
        88          0          0          0          0         76   memcmp.o
        16          4          0          0          0         76   rt_ctype_table.o
         8          4          0          0          0         68   rt_errno_addr_intlibspace.o
         8          4          0          0          0         68   rt_locale_intlibspace.o
        68          0          0          0          0         68   rt_memclr.o
        78          0          0          0          0         80   rt_memclr_w.o
       138          0          0          0          0         68   rt_memcpy_v6.o
       100          0          0          0          0         80   rt_memcpy_w.o
         2          0          0          0          0          0   rtexit.o
        10          0          0          0          0          0   rtexit2.o
       128          0          0          0          0         68   strcmpv7m.o
        72          0          0          0          0         80   strcpy.o
        62          0          0          0          0         76   strlen.o
        36          0          0          0          0         80   strstr.o
        74          0          0          0          0         80   sys_stackheap_outer.o
         2          0          0          0          0         68   use_no_semi.o
         2          0          0          0          0         68   use_no_semi_2.o
        36          4          0          0          0         76   vsprintf.o
        98          4          0          0          0         92   d2f.o
       826         16          0          0          0        348   daddsub_clz.o
        16          4          0          0          0         68   dcheck1.o
       688        140          0          0          0        208   ddiv.o
        90          4          0          0          0         92   dfixu.o
        84          0          0          0          0        136   dflt_clz.o
       340         12          0          0          0        104   dmul.o
       156          4          0          0          0         92   dnaninf.o
        12          0          0          0          0         68   dretinf.o
       460         56          0          0          0        120   dsqrt_noumaal.o
        86          4          0          0          0         84   f2d.o
       430          8          0          0          0        168   faddsub_clz.o
        24          0          0          0          0         68   fcmpi.o
       388         76          0          0          0         96   fdiv.o
       104          4          0          0          0         84   feqf.o
        54          4          0          0          0         84   ffix.o
        62          4          0          0          0         84   ffixu.o
        86          0          0          0          0        136   fflt_clz.o
       104          4          0          0          0         84   fleqf.o
       258          4          0          0          0         84   fmul.o
       140          4          0          0          0         84   fnaninf.o
        10          0          0          0          0         68   fretinf.o
        98          0          0          0          0         68   frleqf.o
         4          0          0          0          0         68   printf1.o
         4          0          0          0          0         68   printf2.o
       100          0          0          0          0         68   retnan.o
        92          0          0          0          0         68   scalbn.o
        48          0          0          0          0         68   trapv.o
         0          0          0          0          0          0   usenofp.o
       624         52         80          0          0        168   asin.o
       544         70        152          0          0        124   atan.o
       384         38          0          0          0        144   atan2.o
        38          6          0          0          0        272   dunder.o
        40          0          0          0          0         68   fpclassify.o
       170          0          0          0          0         96   poly.o
         0          0          8          0          0          0   qnan.o
        76          0          0          0          0         84   sqrt.o

    ----------------------------------------------------------------------
     14626        798        794          0        100       9044   Library Totals
        34          0          3          0          4          0   (incl. Padding)

    ----------------------------------------------------------------------

      Code (inc. data)   RO Data    RW Data    ZI Data      Debug   Library Name

      7854        280        551          0         96       5228   c_w.l
      4862        352          0          0          0       2860   fz_ws.l
      1876        166        240          0          0        956   m_ws.l

    ----------------------------------------------------------------------
     14626        798        794          0        100       9044   Library Totals

    ----------------------------------------------------------------------

==============================================================================


      Code (inc. data)   RO Data    RW Data    ZI Data      Debug   

     87154       4782      11194      19960      25464     821990   Grand Totals
     87154       4782      11194        360      25464     821990   ELF Image Totals (compressed)
     87154       4782      11194        360          0          0   ROM Totals

==============================================================================

    Total RO  Size (Code + RO Data)                98348 (  96.04kB)
    Total RW  Size (RW Data + ZI Data)             45424 (  44.36kB)
    Total ROM Size (Code + RO Data + RW Data)      98708 (  96.39kB)

==============================================================================

